START budget-2000_seed-42
  CE {'C': 1}: val MAE=1.0109 NLL=1.4827
  CE {'C': 4}: val MAE=0.9982 NLL=1.5222
  CE {'C': 16}: val MAE=1.0291 NLL=1.6899
  NB {'alpha': 0.1}: val MAE=1.0000 NLL=1.5861
  NB {'alpha': 1.0}: val MAE=1.0145 NLL=1.5200
  NB {'alpha': 10.0}: val MAE=0.9964 NLL=1.5577
  Cumulative {'C': 1, 'monotonic_repair': 'cumulative_minimum'}: val MAE=0.9545 NLL=1.4818
  DP1 {'C': 1, 'lambda': 0.1, 'power': 1}: val MAE=1.0109 NLL=1.4816
  DP1 {'C': 1, 'lambda': 0.5, 'power': 1}: val MAE=1.0018 NLL=1.4780
  DP1 {'C': 1, 'lambda': 1.0, 'power': 1}: val MAE=1.0055 NLL=1.4751
  DP1 {'C': 1, 'lambda': 2.0, 'power': 1}: val MAE=0.9782 NLL=1.4727
  DP2 {'C': 1, 'lambda': 0.1, 'power': 2}: val MAE=1.0109 NLL=1.4816
  DP2 {'C': 1, 'lambda': 0.5, 'power': 2}: val MAE=0.9982 NLL=1.4779
  DP2 {'C': 1, 'lambda': 1.0, 'power': 2}: val MAE=1.0000 NLL=1.4746
  DP2 {'C': 1, 'lambda': 2.0, 'power': 2}: val MAE=0.9673 NLL=1.4712
  OLL {'C': 1, 'alpha': 1, 'distance': 'raw'}: val MAE=0.9691 NLL=9.1942
  LS {'C': 1, 'smoothing': 0.1}: val MAE=1.0109 NLL=1.4864
DONE budget-2000_seed-42 in 6.7s
START budget-2000_seed-123
  CE {'C': 1}: val MAE=1.0218 NLL=1.4953
  CE {'C': 4}: val MAE=1.0364 NLL=1.5359
  CE {'C': 16}: val MAE=1.0582 NLL=1.7081
  NB {'alpha': 0.1}: val MAE=0.9945 NLL=1.5715
  NB {'alpha': 1.0}: val MAE=0.9909 NLL=1.5193
  NB {'alpha': 10.0}: val MAE=1.0582 NLL=1.5573
  Cumulative {'C': 1, 'monotonic_repair': 'cumulative_minimum'}: val MAE=0.9782 NLL=1.4887
  DP1 {'C': 1, 'lambda': 0.1, 'power': 1}: val MAE=1.0182 NLL=1.4942
  DP1 {'C': 1, 'lambda': 0.5, 'power': 1}: val MAE=1.0255 NLL=1.4909
  DP1 {'C': 1, 'lambda': 1.0, 'power': 1}: val MAE=1.0291 NLL=1.4882
  DP1 {'C': 1, 'lambda': 2.0, 'power': 1}: val MAE=1.0200 NLL=1.4860
  DP2 {'C': 1, 'lambda': 0.1, 'power': 2}: val MAE=1.0182 NLL=1.4942
  DP2 {'C': 1, 'lambda': 0.5, 'power': 2}: val MAE=1.0291 NLL=1.4908
  DP2 {'C': 1, 'lambda': 1.0, 'power': 2}: val MAE=1.0364 NLL=1.4878
  DP2 {'C': 1, 'lambda': 2.0, 'power': 2}: val MAE=1.0200 NLL=1.4846
  OLL {'C': 1, 'alpha': 1, 'distance': 'raw'}: val MAE=0.9291 NLL=9.0048
  LS {'C': 1, 'smoothing': 0.1}: val MAE=1.0236 NLL=1.4981
DONE budget-2000_seed-123 in 6.4s
START budget-2000_seed-999
  CE {'C': 1}: val MAE=0.9073 NLL=1.4651
  CE {'C': 4}: val MAE=0.9564 NLL=1.4938
  CE {'C': 16}: val MAE=1.0236 NLL=1.6499
  NB {'alpha': 0.1}: val MAE=0.9218 NLL=1.5172
  NB {'alpha': 1.0}: val MAE=0.9255 NLL=1.5018
  NB {'alpha': 10.0}: val MAE=0.9836 NLL=1.5549
  Cumulative {'C': 1, 'monotonic_repair': 'cumulative_minimum'}: val MAE=0.8927 NLL=1.4537
  DP1 {'C': 1, 'lambda': 0.1, 'power': 1}: val MAE=0.9091 NLL=1.4637
  DP1 {'C': 1, 'lambda': 0.5, 'power': 1}: val MAE=0.9018 NLL=1.4589
  DP1 {'C': 1, 'lambda': 1.0, 'power': 1}: val MAE=0.9018 NLL=1.4546
  DP1 {'C': 1, 'lambda': 2.0, 'power': 1}: val MAE=0.8964 NLL=1.4497
  DP2 {'C': 1, 'lambda': 0.1, 'power': 2}: val MAE=0.9091 NLL=1.4637
  DP2 {'C': 1, 'lambda': 0.5, 'power': 2}: val MAE=0.8982 NLL=1.4592
  DP2 {'C': 1, 'lambda': 1.0, 'power': 2}: val MAE=0.8945 NLL=1.4549
  DP2 {'C': 1, 'lambda': 2.0, 'power': 2}: val MAE=0.8982 NLL=1.4496
  OLL {'C': 1, 'alpha': 1, 'distance': 'raw'}: val MAE=0.8855 NLL=8.9694
  LS {'C': 1, 'smoothing': 0.1}: val MAE=0.9109 NLL=1.4704
DONE budget-2000_seed-999 in 5.6s
START budget-full_seed-42
  CE {'C': 1}: val MAE=0.8673 NLL=1.3952
  CE {'C': 4}: val MAE=0.8982 NLL=1.4530
  CE {'C': 16}: val MAE=0.9073 NLL=1.6902
Traceback (most recent call last):
  File "<frozen runpy>", line 203, in _run_module_as_main
  File "<frozen runpy>", line 88, in _run_code
  File "/home/electron/Documents/acadmics/research/src/run_experiments.py", line 166, in <module>
    main()
    ~~~~^^
  File "/home/electron/Documents/acadmics/research/src/run_experiments.py", line 90, in main
    value = record("CE", model, {"C": C})
  File "/home/electron/Documents/acadmics/research/src/run_experiments.py", line 84, in record
    raise RuntimeError(f"Optimizer did not converge: {item}")
RuntimeError: Optimizer did not converge: {'budget': 'full', 'seed': 42, 'family': 'CE', 'params': {'C': 16}, 'selection': {'accuracy': 0.3472727272727273, 'macro_f1': 0.3339559507500541, 'mae': 0.9072727272727272, 'severe': 0.20363636363636364, 'nll': 1.6902470025756808, 'brier': 0.8387079764916342, 'rps': 0.1490912815823415, 'central_fraction': 0.15818181818181817, 'ece5': 0.26875691480132097, 'ece10': 0.26875691480132097, 'ece15': 0.26875691480132097, 'ece30': 0.2690472367167334}, 'fit': {'success': False, 'message': 'STOP: TOTAL NO. OF ITERATIONS REACHED LIMIT', 'iterations': 400, 'objective': 0.4723877185758371, 'max_abs_gradient': 5.973124870678105e-06, 'fit_seconds': 4.515122804999919}}
